Bookboon test
